// Jest Snapshot v1, https://goo.gl/fbAQLP

exports[`Character component renders a character 1`] = `
<div
  className="Character"
>
  <img
    src="test image"
  />
  <p>
    Test Title
  </p>
  <button
    onClick={[Function]}
  >
    Get a New Character
  </button>
</div>
`;
