// Jest Snapshot v1, https://goo.gl/fbAQLP

exports[`Header component renders Header 1`] = `
<Fragment>
  <h1
    className="Header"
  >
    The Last Airbender
  </h1>
  <nav>
    <Link
      to="/"
    >
      Home
    </Link>
    <Link
      to="/list"
    >
      All Characters
    </Link>
  </nav>
</Fragment>
`;
