// Jest Snapshot v1, https://goo.gl/fbAQLP

exports[`Character Detail component renders 1`] = `
<div
  className="flex"
>
  <h1
    className="CharacterDetail"
  />
  <img />
  <p>
    Gender: 
  </p>
  <p>
    Hair: 
  </p>
  <p>
    Affiliation: 
  </p>
</div>
`;
